// Jest Snapshot v1, https://goo.gl/fbAQLP

exports[`H3 Component should render correctly 1`] = `
.c0 {
  box-sizing: border-box;
  margin: 0;
  padding: 0;
  font-family: 'Simplon Norm Light','Lucida Sans','Lucida Sans Unicode','Lucida Grande',Arial, Helvetica,sans-serif;
  font-weight: 400;
  line-height: 1.4;
  font-size: 1em;
  margin: 20px 10px 10px 2px;
  -webkit-align-self: start;
  -ms-flex-item-align: start;
  align-self: start;
}

@media (min-width:48em) {
  .c0 {
    font-size: 1em;
  }
}

@media (min-width:62em) {
  .c0 {
    font-size: 1.1em;
  }
}

@media (min-width:80em) {
  .c0 {
    font-size: 1.2em;
  }
}

<h3
  className="c0"
>
  Content
</h3>
`;
