// Jest Snapshot v1, https://goo.gl/fbAQLP

exports[`PictureWrapper Component should render correctly 1`] = `
.c0 {
  margin: 1em 0em;
  display: block;
}

@media (min-width:48em) {
  .c0 {
    margin: 1em 1em 1em 0em;
    width: 50%;
    float: left;
  }
}

<span
  className="c0"
>
  Content
</span>
`;
