// Jest Snapshot v1, https://goo.gl/fbAQLP

exports[`Title Component should render correctly 1`] = `
.c0 {
  display: block;
  border: 0;
  margin: 0;
  padding: 0;
  width: 100%;
  -webkit-filter: sepia(100%) saturate(250%) brightness(70%) hue-rotate(320deg);
  filter: sepia(100%) saturate(250%) brightness(70%) hue-rotate(320deg);
}

<img
  alt="description"
  className="c0"
  color="red"
  src="https://labs.coremedia.com/images/dummy.jpg"
  title="Title"
/>
`;
