// Jest Snapshot v1, https://goo.gl/fbAQLP

exports[`Wrapper Component should render correctly 1`] = `
.c0 {
  position: relative;
  display: -webkit-box;
  display: -webkit-flex;
  display: -ms-flexbox;
  display: flex;
  -webkit-flex-direction: column;
  -ms-flex-direction: column;
  flex-direction: column;
  -webkit-align-items: stretch;
  -webkit-box-align: stretch;
  -ms-flex-align: stretch;
  align-items: stretch;
  line-height: 0;
  -webkit-transition: all 0.6s linear 0s;
  transition: all 0.6s linear 0s;
}

<div
  className="c0"
>
  Content
</div>
`;
